// Jest Snapshot v1, https://goo.gl/fbAQLP

exports[`getDomainFromUri gets domain from URI 1`] = `"https://www.google.com"`;

exports[`getDomainFromUri gets domain from URI 2`] = `"https://www.google.com"`;

exports[`getDomainFromUri gets domain from URI 3`] = `"https://beta.explore.xyo.network"`;

exports[`getDomainFromUri gets domain from URI 4`] = `"https://explore.xyo.network"`;

exports[`getDomainFromUri gets domain from URI 5`] = `"https://api.archivist.xyo.network"`;
